{
  "leads":
  [
    {
      "_id": "12345",
      "email": "a@abc.com",
      "firstName":  "Xuelian",
      "lastName": "Han",
      "address": "123 Street St",
      "entryDate": "2024-05-08T17:30:20+00:00"
    }
  ]
}